
> my-infraux-landing@0.1.0 build
> next build

   ▲ Next.js 15.3.3

   Creating an optimized production build ...
 ✓ Compiled successfully in 0ms
   Linting and checking validity of types ...

Failed to compile.

./src/components/ThemeToggle.tsx
8:28  Error: 'toggleTheme' is assigned a value but never used.  @typescript-eslint/no-unused-vars

./src/components/landing/Footer.tsx
3:8  Error: 'Link' is defined but never used.  @typescript-eslint/no-unused-vars

./src/components/landing/Testimonials.tsx
3:8  Error: 'Image' is defined but never used.  @typescript-eslint/no-unused-vars
60:17  Error: `"` can be escaped with `&quot;`, `&ldquo;`, `&#34;`, `&rdquo;`.  react/no-unescaped-entities
60:37  Error: `"` can be escaped with `&quot;`, `&ldquo;`, `&#34;`, `&rdquo;`.  react/no-unescaped-entities

info  - Need to disable some ESLint rules? Learn more here: https://nextjs.org/docs/app/api-reference/config/eslint#disabling-rules
